≡ƒÜÇ Testing Local Backend Endpoint: /api/fetch-noon-sales
Γ£à Response Status: 200
≡ƒôª Data Received:
   Today Sales: 0 (Orders: 0)
   Yesterday Sales: 0
   Total Orders in List: 0
